{
  "version": "repair-v2",
  "run_id": "acceptance-2b1928d53adf4a93a6b957cc0c5d8ee1",
  "start_epoch": 1791110346.7356904,
  "end_epoch": 1791110359.116815,
  "checks": [
    {
      "name": "original34",
      "exit_code": 0,
      "actual_subprocess_exit": 0,
      "result": "/home/fanzhou/octosense-ws/repair-runs/context-recommend-20261004-180749/tmp/destructive-copy/4443bcd3e6814d0ab33854f0c37339da/eval/runs/acceptance-2b1928d53adf4a93a6b957cc0c5d8ee1/original34/original34.json"
    },
    {
      "name": "learner",
      "command": [
        "python3",
        "-B",
        "-m",
        "unittest",
        "learner.test_model",
        "-v"
      ],
      "cwd": "/home/fanzhou/octosense-ws/repair-runs/context-recommend-20261004-180749/tmp/destructive-copy/4443bcd3e6814d0ab33854f0c37339da",
      "start_epoch": 1791110350.2086267,
      "end_epoch": 1791110350.6076043,
      "exit_code": 0,
      "log": "/home/fanzhou/octosense-ws/repair-runs/context-recommend-20261004-180749/tmp/destructive-copy/4443bcd3e6814d0ab33854f0c37339da/eval/runs/acceptance-2b1928d53adf4a93a6b957cc0c5d8ee1/learner.log"
    },
    {
      "name": "audio",
      "command": [
        "python3",
        "-B",
        "-m",
        "unittest",
        "discover",
        "-s",
        "/home/fanzhou/octosense-ws/repair-runs/context-recommend-20261004-180749/tmp/destructive-copy/4443bcd3e6814d0ab33854f0c37339da/audio",
        "-p",
        "test_extract.py",
        "-v"
      ],
      "cwd": "/home/fanzhou/octosense-ws/repair-runs/context-recommend-20261004-180749/tmp/destructive-copy/4443bcd3e6814d0ab33854f0c37339da/audio",
      "start_epoch": 1791110350.6076212,
      "end_epoch": 1791110350.730006,
      "exit_code": 0,
      "log": "/home/fanzhou/octosense-ws/repair-runs/context-recommend-20261004-180749/tmp/destructive-copy/4443bcd3e6814d0ab33854f0c37339da/eval/runs/acceptance-2b1928d53adf4a93a6b957cc0c5d8ee1/audio.log"
    },
    {
      "name": "metrics",
      "command": [
        "python3",
        "-B",
        "/home/fanzhou/octosense-ws/repair-runs/context-recommend-20261004-180749/tmp/destructive-copy/4443bcd3e6814d0ab33854f0c37339da/eval/test_metrics.py"
      ],
      "cwd": "/home/fanzhou/octosense-ws/repair-runs/context-recommend-20261004-180749/tmp/destructive-copy/4443bcd3e6814d0ab33854f0c37339da",
      "start_epoch": 1791110350.7300215,
      "end_epoch": 1791110350.8432593,
      "exit_code": 0,
      "log": "/home/fanzhou/octosense-ws/repair-runs/context-recommend-20261004-180749/tmp/destructive-copy/4443bcd3e6814d0ab33854f0c37339da/eval/runs/acceptance-2b1928d53adf4a93a6b957cc0c5d8ee1/metrics.log"
    },
    {
      "name": "protocol",
      "command": [
        "python3",
        "-B",
        "/home/fanzhou/octosense-ws/repair-runs/context-recommend-20261004-180749/tmp/destructive-copy/4443bcd3e6814d0ab33854f0c37339da/eval/test_protocol.py"
      ],
      "cwd": "/home/fanzhou/octosense-ws/repair-runs/context-recommend-20261004-180749/tmp/destructive-copy/4443bcd3e6814d0ab33854f0c37339da",
      "start_epoch": 1791110350.8432739,
      "end_epoch": 1791110354.2578287,
      "exit_code": 0,
      "log": "/home/fanzhou/octosense-ws/repair-runs/context-recommend-20261004-180749/tmp/destructive-copy/4443bcd3e6814d0ab33854f0c37339da/eval/runs/acceptance-2b1928d53adf4a93a6b957cc0c5d8ee1/protocol.log"
    },
    {
      "name": "resources",
      "command": [
        "python3",
        "-B",
        "/home/fanzhou/octosense-ws/repair-runs/context-recommend-20261004-180749/tmp/destructive-copy/4443bcd3e6814d0ab33854f0c37339da/repair-A/test_resources.py"
      ],
      "cwd": "/home/fanzhou/octosense-ws/repair-runs/context-recommend-20261004-180749/tmp/destructive-copy/4443bcd3e6814d0ab33854f0c37339da",
      "start_epoch": 1791110354.257842,
      "end_epoch": 1791110354.3893874,
      "exit_code": 0,
      "log": "/home/fanzhou/octosense-ws/repair-runs/context-recommend-20261004-180749/tmp/destructive-copy/4443bcd3e6814d0ab33854f0c37339da/eval/runs/acceptance-2b1928d53adf4a93a6b957cc0c5d8ee1/resources.log"
    },
    {
      "name": "controls",
      "command": [
        "python3",
        "-B",
        "/home/fanzhou/octosense-ws/repair-runs/context-recommend-20261004-180749/tmp/destructive-copy/4443bcd3e6814d0ab33854f0c37339da/run_controls.py"
      ],
      "cwd": "/home/fanzhou/octosense-ws/repair-runs/context-recommend-20261004-180749/tmp/destructive-copy/4443bcd3e6814d0ab33854f0c37339da",
      "start_epoch": 1791110354.3894098,
      "end_epoch": 1791110356.1021523,
      "exit_code": 0,
      "log": "/home/fanzhou/octosense-ws/repair-runs/context-recommend-20261004-180749/tmp/destructive-copy/4443bcd3e6814d0ab33854f0c37339da/eval/runs/acceptance-2b1928d53adf4a93a6b957cc0c5d8ee1/controls.log"
    },
    {
      "name": "activity-denominators",
      "command": [
        "python3",
        "-B",
        "/home/fanzhou/octosense-ws/repair-runs/context-recommend-20261004-180749/tmp/destructive-copy/4443bcd3e6814d0ab33854f0c37339da/learner/review_c_check.py"
      ],
      "cwd": "/home/fanzhou/octosense-ws/repair-runs/context-recommend-20261004-180749/tmp/destructive-copy/4443bcd3e6814d0ab33854f0c37339da",
      "start_epoch": 1791110356.1021693,
      "end_epoch": 1791110356.1400704,
      "exit_code": 0,
      "log": "/home/fanzhou/octosense-ws/repair-runs/context-recommend-20261004-180749/tmp/destructive-copy/4443bcd3e6814d0ab33854f0c37339da/eval/runs/acceptance-2b1928d53adf4a93a6b957cc0c5d8ee1/activity-denominators.log"
    },
    {
      "name": "integration",
      "command": [
        "python3",
        "-B",
        "/home/fanzhou/octosense-ws/repair-runs/context-recommend-20261004-180749/tmp/destructive-copy/4443bcd3e6814d0ab33854f0c37339da/eval/smoke.py"
      ],
      "cwd": "/home/fanzhou/octosense-ws/repair-runs/context-recommend-20261004-180749/tmp/destructive-copy/4443bcd3e6814d0ab33854f0c37339da",
      "start_epoch": 1791110356.1400852,
      "end_epoch": 1791110357.969824,
      "exit_code": 0,
      "log": "/home/fanzhou/octosense-ws/repair-runs/context-recommend-20261004-180749/tmp/destructive-copy/4443bcd3e6814d0ab33854f0c37339da/eval/runs/acceptance-2b1928d53adf4a93a6b957cc0c5d8ee1/integration.log"
    },
    {
      "name": "guard",
      "command": [
        "python3",
        "-B",
        "/home/fanzhou/octosense-ws/repair-runs/context-recommend-20261004-180749/tmp/destructive-copy/4443bcd3e6814d0ab33854f0c37339da/launcher.py",
        "guard"
      ],
      "cwd": "/home/fanzhou/octosense-ws/repair-runs/context-recommend-20261004-180749/tmp/destructive-copy/4443bcd3e6814d0ab33854f0c37339da",
      "start_epoch": 1791110357.969839,
      "end_epoch": 1791110358.068905,
      "exit_code": 0,
      "log": "/home/fanzhou/octosense-ws/repair-runs/context-recommend-20261004-180749/tmp/destructive-copy/4443bcd3e6814d0ab33854f0c37339da/eval/runs/acceptance-2b1928d53adf4a93a6b957cc0c5d8ee1/guard.log"
    },
    {
      "name": "environment-probes",
      "command": [
        "python3",
        "-B",
        "/home/fanzhou/octosense-ws/repair-runs/context-recommend-20261004-180749/tmp/destructive-copy/4443bcd3e6814d0ab33854f0c37339da/repair-A/probe.py"
      ],
      "cwd": "/home/fanzhou/octosense-ws/repair-runs/context-recommend-20261004-180749/tmp/destructive-copy/4443bcd3e6814d0ab33854f0c37339da",
      "start_epoch": 1791110358.0689185,
      "end_epoch": 1791110358.352125,
      "exit_code": 0,
      "log": "/home/fanzhou/octosense-ws/repair-runs/context-recommend-20261004-180749/tmp/destructive-copy/4443bcd3e6814d0ab33854f0c37339da/eval/runs/acceptance-2b1928d53adf4a93a6b957cc0c5d8ee1/environment-probes.log"
    },
    {
      "name": "artifacts",
      "command": [
        "python3",
        "-B",
        "/home/fanzhou/octosense-ws/repair-runs/context-recommend-20261004-180749/tmp/destructive-copy/4443bcd3e6814d0ab33854f0c37339da/eval/artifact_checks.py"
      ],
      "cwd": "/home/fanzhou/octosense-ws/repair-runs/context-recommend-20261004-180749/tmp/destructive-copy/4443bcd3e6814d0ab33854f0c37339da",
      "start_epoch": 1791110358.3521395,
      "end_epoch": 1791110359.1168048,
      "exit_code": 0,
      "log": "/home/fanzhou/octosense-ws/repair-runs/context-recommend-20261004-180749/tmp/destructive-copy/4443bcd3e6814d0ab33854f0c37339da/eval/runs/acceptance-2b1928d53adf4a93a6b957cc0c5d8ee1/artifacts.log"
    }
  ],
  "engineering": "ENGINEERING_REPAIRED",
  "features": "FEATURES_ESTIMATED",
  "activity": "ACCURACY_UNVERIFIED",
  "benefit": "NO_USER_BENEFIT_EVIDENCE",
  "jev": "JEV_NOT_RUN",
  "research": "AWAITING_USER_EVIDENCE",
  "activity_replay": "NOT_RUN_UNCHANGED_RESULTS_HASH_VERIFIED",
  "no_overall_research_pass": true
}
