EEE
======================================================================
ERROR: test_corruption_closes_immediately_preserves_bytes_and_error (__main__.Resources.test_corruption_closes_immediately_preserves_bytes_and_error)
----------------------------------------------------------------------
Traceback (most recent call last):
  File "/home/fanzhou/octosense-ws/repair-runs/context-recommend-20261004-180749/tmp/destructive-copy/4443bcd3e6814d0ab33854f0c37339da/repair-A/test_resources.py", line 20, in test_corruption_closes_immediately_preserves_bytes_and_error
    try: FeedbackStore(d)
         ^^^^^^^^^^^^^^^^
  File "/home/fanzhou/octosense-ws/repair-runs/context-recommend-20261004-180749/tmp/destructive-copy/4443bcd3e6814d0ab33854f0c37339da/integration/context_player/feedback.py", line 23, in __init__
    raise RuntimeError("INTENTIONAL_ENGINEERING_NEGATIVE_CONTROL")
RuntimeError: INTENTIONAL_ENGINEERING_NEGATIVE_CONTROL

======================================================================
ERROR: test_external_schema_failure_closes_real_connection (__main__.Resources.test_external_schema_failure_closes_real_connection)
----------------------------------------------------------------------
Traceback (most recent call last):
  File "/home/fanzhou/octosense-ws/repair-runs/context-recommend-20261004-180749/tmp/destructive-copy/4443bcd3e6814d0ab33854f0c37339da/repair-A/test_resources.py", line 33, in test_external_schema_failure_closes_real_connection
    with self.assertRaisesRegex(sqlite3.OperationalError,'injected external'): FeedbackStore(d)
                                                                               ^^^^^^^^^^^^^^^^
  File "/home/fanzhou/octosense-ws/repair-runs/context-recommend-20261004-180749/tmp/destructive-copy/4443bcd3e6814d0ab33854f0c37339da/integration/context_player/feedback.py", line 23, in __init__
    raise RuntimeError("INTENTIONAL_ENGINEERING_NEGATIVE_CONTROL")
RuntimeError: INTENTIONAL_ENGINEERING_NEGATIVE_CONTROL

======================================================================
ERROR: test_success_create_close_cleanup (__main__.Resources.test_success_create_close_cleanup)
----------------------------------------------------------------------
Traceback (most recent call last):
  File "/home/fanzhou/octosense-ws/repair-runs/context-recommend-20261004-180749/tmp/destructive-copy/4443bcd3e6814d0ab33854f0c37339da/repair-A/test_resources.py", line 37, in test_success_create_close_cleanup
    db=FeedbackStore(d);db.close();self.assertEqual(open_fds(Path(d)/'events.sqlite3'),[])
       ^^^^^^^^^^^^^^^^
  File "/home/fanzhou/octosense-ws/repair-runs/context-recommend-20261004-180749/tmp/destructive-copy/4443bcd3e6814d0ab33854f0c37339da/integration/context_player/feedback.py", line 23, in __init__
    raise RuntimeError("INTENTIONAL_ENGINEERING_NEGATIVE_CONTROL")
RuntimeError: INTENTIONAL_ENGINEERING_NEGATIVE_CONTROL

----------------------------------------------------------------------
Ran 3 tests in 0.002s

FAILED (errors=3)
