test_corruption_closes_immediately_preserves_bytes_and_error (__main__.Resources.test_corruption_closes_immediately_preserves_bytes_and_error) ... FAIL
test_external_schema_failure_closes_real_connection (__main__.Resources.test_external_schema_failure_closes_real_connection) ... FAIL
test_success_create_close_cleanup (__main__.Resources.test_success_create_close_cleanup) ... ok

======================================================================
FAIL: test_corruption_closes_immediately_preserves_bytes_and_error (__main__.Resources.test_corruption_closes_immediately_preserves_bytes_and_error)
----------------------------------------------------------------------
Traceback (most recent call last):
  File "/home/fanzhou/octosense-ws/repair-runs/context-recommend-20261004-180749/repair-A/test_resources.py", line 24, in test_corruption_closes_immediately_preserves_bytes_and_error
    self.assertEqual(open_fds(p),[])
AssertionError: Lists differ: ['/proc/self/fd/3'] != []

First list contains 1 additional elements.
First extra element 0:
'/proc/self/fd/3'

- ['/proc/self/fd/3']
+ []

======================================================================
FAIL: test_external_schema_failure_closes_real_connection (__main__.Resources.test_external_schema_failure_closes_real_connection)
----------------------------------------------------------------------
Traceback (most recent call last):
  File "/home/fanzhou/octosense-ws/repair-runs/context-recommend-20261004-180749/repair-A/test_resources.py", line 34, in test_external_schema_failure_closes_real_connection
    with self.assertRaises(sqlite3.ProgrammingError):captured[0].execute('SELECT 1')
AssertionError: ProgrammingError not raised

----------------------------------------------------------------------
Ran 3 tests in 0.051s

FAILED (failures=2)

EXIT=1