{
  "command": [
    "python3",
    "-B",
    "-m",
    "unittest",
    "discover",
    "-s",
    "eval",
    "-p",
    "test_metrics.py",
    "-v"
  ],
  "exit": 0,
  "output": "test_balanced_order (test_metrics.MetricsTests.test_balanced_order) ... ok\ntest_missing_worst_case (test_metrics.MetricsTests.test_missing_worst_case) ... ok\ntest_no_data_no_pass (test_metrics.MetricsTests.test_no_data_no_pass) ... ok\ntest_null_denominator (test_metrics.MetricsTests.test_null_denominator) ... ok\ntest_synthetic_rejected (test_metrics.MetricsTests.test_synthetic_rejected) ... ok\n\n----------------------------------------------------------------------\nRan 5 tests in 0.027s\n\nOK\n"
}
{
  "command": [
    "python3",
    "-B",
    "-m",
    "unittest",
    "discover",
    "-s",
    "eval",
    "-p",
    "test_protocol.py",
    "-v"
  ],
  "exit": 0,
  "output": "test_every_numeric_gate_rejects_invalid_types (test_protocol.BoundaryTests.test_every_numeric_gate_rejects_invalid_types) ... ok\ntest_gain_below_equal_above (test_protocol.BoundaryTests.test_gain_below_equal_above) ... ok\ntest_gain_lower_below_equal_above (test_protocol.BoundaryTests.test_gain_lower_below_equal_above) ... ok\ntest_interruption_upper_below_equal_above (test_protocol.BoundaryTests.test_interruption_upper_below_equal_above) ... ok\ntest_missing_below_equal_above (test_protocol.BoundaryTests.test_missing_below_equal_above) ... ok\ntest_n_below_equal_above (test_protocol.BoundaryTests.test_n_below_equal_above) ... ok\ntest_worst_lower_below_equal_above (test_protocol.BoundaryTests.test_worst_lower_below_equal_above) ... ok\ntest_changed_request (test_protocol.ProtocolTests.test_changed_request) ... ok\ntest_cross_feature_version (test_protocol.ProtocolTests.test_cross_feature_version) ... ok\ntest_development_overlap (test_protocol.ProtocolTests.test_development_overlap) ... ok\ntest_development_trial_renamed_same_independent_unit (test_protocol.ProtocolTests.test_development_trial_renamed_same_independent_unit) ... ok\ntest_duplicate_exposure (test_protocol.ProtocolTests.test_duplicate_exposure) ... ok\ntest_duplicate_training_observation_different_event_id (test_protocol.ProtocolTests.test_duplicate_training_observation_different_event_id) ... ok\ntest_fixed_actual_order_rejected (test_protocol.ProtocolTests.test_fixed_actual_order_rejected) ... ok\ntest_forged_freeze_time (test_protocol.ProtocolTests.test_forged_freeze_time) ... ok\ntest_forged_n (test_protocol.ProtocolTests.test_forged_n) ... ok\ntest_forged_schedule (test_protocol.ProtocolTests.test_forged_schedule) ... ok\ntest_forged_variance (test_protocol.ProtocolTests.test_forged_variance) ... ok\ntest_future_feedback (test_protocol.ProtocolTests.test_future_feedback) ... ok\ntest_future_label_used_in_prediction (test_protocol.ProtocolTests.test_future_label_used_in_prediction) ... ok\ntest_independent_numerical_reference (test_protocol.ProtocolTests.test_independent_numerical_reference) ... ok\ntest_legal_synthetic_positive_is_test_only (test_protocol.ProtocolTests.test_legal_synthetic_positive_is_test_only) ... ok\ntest_malformed_inputs_return_reasons (test_protocol.ProtocolTests.test_malformed_inputs_return_reasons) ... ok\ntest_missing_outcomes_too_many_with_valid_protocol (test_protocol.ProtocolTests.test_missing_outcomes_too_many_with_valid_protocol) ... ok\ntest_missing_source (test_protocol.ProtocolTests.test_missing_source) ... ok\ntest_missing_training_qualification (test_protocol.ProtocolTests.test_missing_training_qualification) ... ok\ntest_model_not_ready_before_schedule (test_protocol.ProtocolTests.test_model_not_ready_before_schedule) ... ok\ntest_model_untrained (test_protocol.ProtocolTests.test_model_untrained) ... ok\ntest_nonfinite_and_invalid_types_rejected (test_protocol.ProtocolTests.test_nonfinite_and_invalid_types_rejected) ... ok\ntest_orphan_exposure (test_protocol.ProtocolTests.test_orphan_exposure) ... ok\ntest_p2_fallback_rejected (test_protocol.ProtocolTests.test_p2_fallback_rejected) ... ok\ntest_provenance_string_cannot_upgrade_fixture (test_protocol.ProtocolTests.test_provenance_string_cannot_upgrade_fixture) ... ok\ntest_real_branch_is_reachable_with_consistent_evidence_not_real_proof (test_protocol.ProtocolTests.test_real_branch_is_reachable_with_consistent_evidence_not_real_proof) ... ok\ntest_repeat_content (test_protocol.ProtocolTests.test_repeat_content) ... ok\ntest_row_order_does_not_change_seeded_interval (test_protocol.ProtocolTests.test_row_order_does_not_change_seeded_interval) ... ok\ntest_selective_session_deletion (test_protocol.ProtocolTests.test_selective_session_deletion) ... ok\ntest_shared_policy_state (test_protocol.ProtocolTests.test_shared_policy_state) ... ok\ntest_six_per_strategy_required (test_protocol.ProtocolTests.test_six_per_strategy_required) ... ok\ntest_snapshot_tampered (test_protocol.ProtocolTests.test_snapshot_tampered) ... ok\ntest_source_content_must_match_not_just_hash (test_protocol.ProtocolTests.test_source_content_must_match_not_just_hash) ... ok\ntest_source_digest_tamper (test_protocol.ProtocolTests.test_source_digest_tamper) ... ok\ntest_training_content_hash_invalid (test_protocol.ProtocolTests.test_training_content_hash_invalid) ... ok\ntest_training_trial_renamed_same_independent_unit (test_protocol.ProtocolTests.test_training_trial_renamed_same_independent_unit) ... ok\ntest_versions_invalid_preserves_specific_reason (test_protocol.ProtocolTests.test_versions_invalid_preserves_specific_reason) ... ok\n\n----------------------------------------------------------------------\nRan 44 tests in 2.717s\n\nOK\n"
}
FINAL SOURCE RECHECK
{
  "command": [
    "python3",
    "-B",
    "-m",
    "unittest",
    "discover",
    "-s",
    "eval",
    "-p",
    "test_metrics.py",
    "-v"
  ],
  "exit": 0,
  "output": "test_balanced_order (test_metrics.MetricsTests.test_balanced_order) ... ok\ntest_missing_worst_case (test_metrics.MetricsTests.test_missing_worst_case) ... ok\ntest_no_data_no_pass (test_metrics.MetricsTests.test_no_data_no_pass) ... ok\ntest_null_denominator (test_metrics.MetricsTests.test_null_denominator) ... ok\ntest_synthetic_rejected (test_metrics.MetricsTests.test_synthetic_rejected) ... ok\n\n----------------------------------------------------------------------\nRan 5 tests in 0.031s\n\nOK\n"
}
{
  "command": [
    "python3",
    "-B",
    "-m",
    "unittest",
    "discover",
    "-s",
    "eval",
    "-p",
    "test_protocol.py",
    "-v"
  ],
  "exit": 0,
  "output": "test_every_numeric_gate_rejects_invalid_types (test_protocol.BoundaryTests.test_every_numeric_gate_rejects_invalid_types) ... ok\ntest_gain_below_equal_above (test_protocol.BoundaryTests.test_gain_below_equal_above) ... ok\ntest_gain_lower_below_equal_above (test_protocol.BoundaryTests.test_gain_lower_below_equal_above) ... ok\ntest_interruption_upper_below_equal_above (test_protocol.BoundaryTests.test_interruption_upper_below_equal_above) ... ok\ntest_missing_below_equal_above (test_protocol.BoundaryTests.test_missing_below_equal_above) ... ok\ntest_n_below_equal_above (test_protocol.BoundaryTests.test_n_below_equal_above) ... ok\ntest_worst_lower_below_equal_above (test_protocol.BoundaryTests.test_worst_lower_below_equal_above) ... ok\ntest_changed_request (test_protocol.ProtocolTests.test_changed_request) ... ok\ntest_cross_feature_version (test_protocol.ProtocolTests.test_cross_feature_version) ... ok\ntest_development_overlap (test_protocol.ProtocolTests.test_development_overlap) ... ok\ntest_development_trial_renamed_same_independent_unit (test_protocol.ProtocolTests.test_development_trial_renamed_same_independent_unit) ... ok\ntest_duplicate_exposure (test_protocol.ProtocolTests.test_duplicate_exposure) ... ok\ntest_duplicate_training_observation_different_event_id (test_protocol.ProtocolTests.test_duplicate_training_observation_different_event_id) ... ok\ntest_fixed_actual_order_rejected (test_protocol.ProtocolTests.test_fixed_actual_order_rejected) ... ok\ntest_forged_freeze_time (test_protocol.ProtocolTests.test_forged_freeze_time) ... ok\ntest_forged_n (test_protocol.ProtocolTests.test_forged_n) ... ok\ntest_forged_schedule (test_protocol.ProtocolTests.test_forged_schedule) ... ok\ntest_forged_variance (test_protocol.ProtocolTests.test_forged_variance) ... ok\ntest_future_feedback (test_protocol.ProtocolTests.test_future_feedback) ... ok\ntest_future_label_used_in_prediction (test_protocol.ProtocolTests.test_future_label_used_in_prediction) ... ok\ntest_independent_numerical_reference (test_protocol.ProtocolTests.test_independent_numerical_reference) ... ok\ntest_legal_synthetic_positive_is_test_only (test_protocol.ProtocolTests.test_legal_synthetic_positive_is_test_only) ... ok\ntest_malformed_inputs_return_reasons (test_protocol.ProtocolTests.test_malformed_inputs_return_reasons) ... ok\ntest_missing_outcomes_too_many_with_valid_protocol (test_protocol.ProtocolTests.test_missing_outcomes_too_many_with_valid_protocol) ... ok\ntest_missing_source (test_protocol.ProtocolTests.test_missing_source) ... ok\ntest_missing_training_qualification (test_protocol.ProtocolTests.test_missing_training_qualification) ... ok\ntest_model_not_ready_before_schedule (test_protocol.ProtocolTests.test_model_not_ready_before_schedule) ... ok\ntest_model_untrained (test_protocol.ProtocolTests.test_model_untrained) ... ok\ntest_nonfinite_and_invalid_types_rejected (test_protocol.ProtocolTests.test_nonfinite_and_invalid_types_rejected) ... ok\ntest_orphan_exposure (test_protocol.ProtocolTests.test_orphan_exposure) ... ok\ntest_p2_fallback_rejected (test_protocol.ProtocolTests.test_p2_fallback_rejected) ... ok\ntest_provenance_string_cannot_upgrade_fixture (test_protocol.ProtocolTests.test_provenance_string_cannot_upgrade_fixture) ... ok\ntest_real_branch_is_reachable_with_consistent_evidence_not_real_proof (test_protocol.ProtocolTests.test_real_branch_is_reachable_with_consistent_evidence_not_real_proof) ... ok\ntest_repeat_content (test_protocol.ProtocolTests.test_repeat_content) ... ok\ntest_row_order_does_not_change_seeded_interval (test_protocol.ProtocolTests.test_row_order_does_not_change_seeded_interval) ... ok\ntest_selective_session_deletion (test_protocol.ProtocolTests.test_selective_session_deletion) ... ok\ntest_shared_policy_state (test_protocol.ProtocolTests.test_shared_policy_state) ... ok\ntest_six_per_strategy_required (test_protocol.ProtocolTests.test_six_per_strategy_required) ... ok\ntest_snapshot_tampered (test_protocol.ProtocolTests.test_snapshot_tampered) ... ok\ntest_source_content_must_match_not_just_hash (test_protocol.ProtocolTests.test_source_content_must_match_not_just_hash) ... ok\ntest_source_digest_tamper (test_protocol.ProtocolTests.test_source_digest_tamper) ... ok\ntest_training_content_hash_invalid (test_protocol.ProtocolTests.test_training_content_hash_invalid) ... ok\ntest_training_trial_renamed_same_independent_unit (test_protocol.ProtocolTests.test_training_trial_renamed_same_independent_unit) ... ok\ntest_versions_invalid_preserves_specific_reason (test_protocol.ProtocolTests.test_versions_invalid_preserves_specific_reason) ... ok\n\n----------------------------------------------------------------------\nRan 44 tests in 2.874s\n\nOK\n"
}
ENGINEERING v2.1 INVALID DICT KEY FIX
[
  {
    "command": [
      "python3",
      "-B",
      "-m",
      "unittest",
      "discover",
      "-s",
      "eval",
      "-p",
      "test_metrics.py",
      "-v"
    ],
    "exit": 0,
    "output": "test_balanced_order (test_metrics.MetricsTests.test_balanced_order) ... ok\ntest_missing_worst_case (test_metrics.MetricsTests.test_missing_worst_case) ... ok\ntest_no_data_no_pass (test_metrics.MetricsTests.test_no_data_no_pass) ... ok\ntest_null_denominator (test_metrics.MetricsTests.test_null_denominator) ... ok\ntest_synthetic_rejected (test_metrics.MetricsTests.test_synthetic_rejected) ... ok\n\n----------------------------------------------------------------------\nRan 5 tests in 0.016s\n\nOK\n"
  },
  {
    "command": [
      "python3",
      "-B",
      "-m",
      "unittest",
      "discover",
      "-s",
      "eval",
      "-p",
      "test_protocol.py",
      "-v"
    ],
    "exit": 0,
    "output": "test_every_numeric_gate_rejects_invalid_types (test_protocol.BoundaryTests.test_every_numeric_gate_rejects_invalid_types) ... ok\ntest_gain_below_equal_above (test_protocol.BoundaryTests.test_gain_below_equal_above) ... ok\ntest_gain_lower_below_equal_above (test_protocol.BoundaryTests.test_gain_lower_below_equal_above) ... ok\ntest_interruption_upper_below_equal_above (test_protocol.BoundaryTests.test_interruption_upper_below_equal_above) ... ok\ntest_missing_below_equal_above (test_protocol.BoundaryTests.test_missing_below_equal_above) ... ok\ntest_n_below_equal_above (test_protocol.BoundaryTests.test_n_below_equal_above) ... ok\ntest_worst_lower_below_equal_above (test_protocol.BoundaryTests.test_worst_lower_below_equal_above) ... ok\ntest_changed_request (test_protocol.ProtocolTests.test_changed_request) ... ok\ntest_cross_feature_version (test_protocol.ProtocolTests.test_cross_feature_version) ... ok\ntest_development_overlap (test_protocol.ProtocolTests.test_development_overlap) ... ok\ntest_development_trial_renamed_same_independent_unit (test_protocol.ProtocolTests.test_development_trial_renamed_same_independent_unit) ... ok\ntest_duplicate_exposure (test_protocol.ProtocolTests.test_duplicate_exposure) ... ok\ntest_duplicate_training_observation_different_event_id (test_protocol.ProtocolTests.test_duplicate_training_observation_different_event_id) ... ok\ntest_fixed_actual_order_rejected (test_protocol.ProtocolTests.test_fixed_actual_order_rejected) ... ok\ntest_forged_freeze_time (test_protocol.ProtocolTests.test_forged_freeze_time) ... ok\ntest_forged_n (test_protocol.ProtocolTests.test_forged_n) ... ok\ntest_forged_schedule (test_protocol.ProtocolTests.test_forged_schedule) ... ok\ntest_forged_variance (test_protocol.ProtocolTests.test_forged_variance) ... ok\ntest_future_feedback (test_protocol.ProtocolTests.test_future_feedback) ... ok\ntest_future_label_used_in_prediction (test_protocol.ProtocolTests.test_future_label_used_in_prediction) ... ok\ntest_independent_numerical_reference (test_protocol.ProtocolTests.test_independent_numerical_reference) ... ok\ntest_legal_synthetic_positive_is_test_only (test_protocol.ProtocolTests.test_legal_synthetic_positive_is_test_only) ... ok\ntest_malformed_inputs_return_reasons (test_protocol.ProtocolTests.test_malformed_inputs_return_reasons) ... ok\ntest_missing_outcomes_too_many_with_valid_protocol (test_protocol.ProtocolTests.test_missing_outcomes_too_many_with_valid_protocol) ... ok\ntest_missing_source (test_protocol.ProtocolTests.test_missing_source) ... ok\ntest_missing_training_qualification (test_protocol.ProtocolTests.test_missing_training_qualification) ... ok\ntest_model_not_ready_before_schedule (test_protocol.ProtocolTests.test_model_not_ready_before_schedule) ... ok\ntest_model_untrained (test_protocol.ProtocolTests.test_model_untrained) ... ok\ntest_nonfinite_and_invalid_types_rejected (test_protocol.ProtocolTests.test_nonfinite_and_invalid_types_rejected) ... ok\ntest_nonstring_keys_return_structured_insufficiency (test_protocol.ProtocolTests.test_nonstring_keys_return_structured_insufficiency) ... ok\ntest_orphan_exposure (test_protocol.ProtocolTests.test_orphan_exposure) ... ok\ntest_p2_fallback_rejected (test_protocol.ProtocolTests.test_p2_fallback_rejected) ... ok\ntest_provenance_string_cannot_upgrade_fixture (test_protocol.ProtocolTests.test_provenance_string_cannot_upgrade_fixture) ... ok\ntest_real_branch_is_reachable_with_consistent_evidence_not_real_proof (test_protocol.ProtocolTests.test_real_branch_is_reachable_with_consistent_evidence_not_real_proof) ... ok\ntest_repeat_content (test_protocol.ProtocolTests.test_repeat_content) ... ok\ntest_row_order_does_not_change_seeded_interval (test_protocol.ProtocolTests.test_row_order_does_not_change_seeded_interval) ... ok\ntest_selective_session_deletion (test_protocol.ProtocolTests.test_selective_session_deletion) ... ok\ntest_shared_policy_state (test_protocol.ProtocolTests.test_shared_policy_state) ... ok\ntest_six_per_strategy_required (test_protocol.ProtocolTests.test_six_per_strategy_required) ... ok\ntest_snapshot_tampered (test_protocol.ProtocolTests.test_snapshot_tampered) ... ok\ntest_source_content_must_match_not_just_hash (test_protocol.ProtocolTests.test_source_content_must_match_not_just_hash) ... ok\ntest_source_digest_tamper (test_protocol.ProtocolTests.test_source_digest_tamper) ... ok\ntest_training_content_hash_invalid (test_protocol.ProtocolTests.test_training_content_hash_invalid) ... ok\ntest_training_trial_renamed_same_independent_unit (test_protocol.ProtocolTests.test_training_trial_renamed_same_independent_unit) ... ok\ntest_versions_invalid_preserves_specific_reason (test_protocol.ProtocolTests.test_versions_invalid_preserves_specific_reason) ... ok\n\n----------------------------------------------------------------------\nRan 45 tests in 3.254s\n\nOK\n"
  }
]
ENGINEERING v2.1 HUGE INTEGER FIX
[
  {
    "command": [
      "python3",
      "-B",
      "-m",
      "unittest",
      "discover",
      "-s",
      "eval",
      "-p",
      "test_metrics.py",
      "-v"
    ],
    "exit": 0,
    "output": "test_balanced_order (test_metrics.MetricsTests.test_balanced_order) ... ok\ntest_missing_worst_case (test_metrics.MetricsTests.test_missing_worst_case) ... ok\ntest_no_data_no_pass (test_metrics.MetricsTests.test_no_data_no_pass) ... ok\ntest_null_denominator (test_metrics.MetricsTests.test_null_denominator) ... ok\ntest_synthetic_rejected (test_metrics.MetricsTests.test_synthetic_rejected) ... ok\n\n----------------------------------------------------------------------\nRan 5 tests in 0.023s\n\nOK\n"
  },
  {
    "command": [
      "python3",
      "-B",
      "-m",
      "unittest",
      "discover",
      "-s",
      "eval",
      "-p",
      "test_protocol.py",
      "-v"
    ],
    "exit": 0,
    "output": "test_every_numeric_gate_rejects_invalid_types (test_protocol.BoundaryTests.test_every_numeric_gate_rejects_invalid_types) ... ok\ntest_gain_below_equal_above (test_protocol.BoundaryTests.test_gain_below_equal_above) ... ok\ntest_gain_lower_below_equal_above (test_protocol.BoundaryTests.test_gain_lower_below_equal_above) ... ok\ntest_huge_integer_numeric_gate_returns_false (test_protocol.BoundaryTests.test_huge_integer_numeric_gate_returns_false) ... ok\ntest_huge_integer_sample_planning_is_blocked (test_protocol.BoundaryTests.test_huge_integer_sample_planning_is_blocked) ... ok\ntest_interruption_upper_below_equal_above (test_protocol.BoundaryTests.test_interruption_upper_below_equal_above) ... ok\ntest_missing_below_equal_above (test_protocol.BoundaryTests.test_missing_below_equal_above) ... ok\ntest_n_below_equal_above (test_protocol.BoundaryTests.test_n_below_equal_above) ... ok\ntest_worst_lower_below_equal_above (test_protocol.BoundaryTests.test_worst_lower_below_equal_above) ... ok\ntest_changed_request (test_protocol.ProtocolTests.test_changed_request) ... ok\ntest_cross_feature_version (test_protocol.ProtocolTests.test_cross_feature_version) ... ok\ntest_development_overlap (test_protocol.ProtocolTests.test_development_overlap) ... ok\ntest_development_trial_renamed_same_independent_unit (test_protocol.ProtocolTests.test_development_trial_renamed_same_independent_unit) ... ok\ntest_duplicate_exposure (test_protocol.ProtocolTests.test_duplicate_exposure) ... ok\ntest_duplicate_training_observation_different_event_id (test_protocol.ProtocolTests.test_duplicate_training_observation_different_event_id) ... ok\ntest_fixed_actual_order_rejected (test_protocol.ProtocolTests.test_fixed_actual_order_rejected) ... ok\ntest_forged_freeze_time (test_protocol.ProtocolTests.test_forged_freeze_time) ... ok\ntest_forged_n (test_protocol.ProtocolTests.test_forged_n) ... ok\ntest_forged_schedule (test_protocol.ProtocolTests.test_forged_schedule) ... ok\ntest_forged_variance (test_protocol.ProtocolTests.test_forged_variance) ... ok\ntest_future_feedback (test_protocol.ProtocolTests.test_future_feedback) ... ok\ntest_future_label_used_in_prediction (test_protocol.ProtocolTests.test_future_label_used_in_prediction) ... ok\ntest_independent_numerical_reference (test_protocol.ProtocolTests.test_independent_numerical_reference) ... ok\ntest_legal_synthetic_positive_is_test_only (test_protocol.ProtocolTests.test_legal_synthetic_positive_is_test_only) ... ok\ntest_malformed_inputs_return_reasons (test_protocol.ProtocolTests.test_malformed_inputs_return_reasons) ... ok\ntest_missing_outcomes_too_many_with_valid_protocol (test_protocol.ProtocolTests.test_missing_outcomes_too_many_with_valid_protocol) ... ok\ntest_missing_source (test_protocol.ProtocolTests.test_missing_source) ... ok\ntest_missing_training_qualification (test_protocol.ProtocolTests.test_missing_training_qualification) ... ok\ntest_model_not_ready_before_schedule (test_protocol.ProtocolTests.test_model_not_ready_before_schedule) ... ok\ntest_model_untrained (test_protocol.ProtocolTests.test_model_untrained) ... ok\ntest_nonfinite_and_invalid_types_rejected (test_protocol.ProtocolTests.test_nonfinite_and_invalid_types_rejected) ... ok\ntest_nonstring_keys_return_structured_insufficiency (test_protocol.ProtocolTests.test_nonstring_keys_return_structured_insufficiency) ... ok\ntest_orphan_exposure (test_protocol.ProtocolTests.test_orphan_exposure) ... ok\ntest_p2_fallback_rejected (test_protocol.ProtocolTests.test_p2_fallback_rejected) ... ok\ntest_provenance_string_cannot_upgrade_fixture (test_protocol.ProtocolTests.test_provenance_string_cannot_upgrade_fixture) ... ok\ntest_real_branch_is_reachable_with_consistent_evidence_not_real_proof (test_protocol.ProtocolTests.test_real_branch_is_reachable_with_consistent_evidence_not_real_proof) ... ok\ntest_repeat_content (test_protocol.ProtocolTests.test_repeat_content) ... ok\ntest_row_order_does_not_change_seeded_interval (test_protocol.ProtocolTests.test_row_order_does_not_change_seeded_interval) ... ok\ntest_selective_session_deletion (test_protocol.ProtocolTests.test_selective_session_deletion) ... ok\ntest_shared_policy_state (test_protocol.ProtocolTests.test_shared_policy_state) ... ok\ntest_six_per_strategy_required (test_protocol.ProtocolTests.test_six_per_strategy_required) ... ok\ntest_snapshot_tampered (test_protocol.ProtocolTests.test_snapshot_tampered) ... ok\ntest_source_content_must_match_not_just_hash (test_protocol.ProtocolTests.test_source_content_must_match_not_just_hash) ... ok\ntest_source_digest_tamper (test_protocol.ProtocolTests.test_source_digest_tamper) ... ok\ntest_training_content_hash_invalid (test_protocol.ProtocolTests.test_training_content_hash_invalid) ... ok\ntest_training_trial_renamed_same_independent_unit (test_protocol.ProtocolTests.test_training_trial_renamed_same_independent_unit) ... ok\ntest_versions_invalid_preserves_specific_reason (test_protocol.ProtocolTests.test_versions_invalid_preserves_specific_reason) ... ok\n\n----------------------------------------------------------------------\nRan 47 tests in 3.030s\n\nOK\n"
  }
]